[INFO] Scanning for projects...
[INFO] 
[INFO] -------------------< com.equix:horse-racing-system >--------------------
[INFO] Building horse-racing-system 0.0.1-SNAPSHOT
[INFO]   from pom.xml
[INFO] --------------------------------[ jar ]---------------------------------
[INFO] 
[INFO] --- clean:3.4.1:clean (default-clean) @ horse-racing-system ---
[INFO] Deleting C:\Users\User\Downloads\SWP391---SU26---Backend-main-FIXED\SWP391---SU26---Backend-main-FIXED\SWP391---SU26---Backend-main\horse-racing-system\target
[INFO] 
[INFO] --- resources:3.3.1:resources (default-resources) @ horse-racing-system ---
[INFO] Copying 1 resource from src\main\resources to target\classes
[INFO] Copying 0 resource from src\main\resources to target\classes
[INFO] 
[INFO] --- compiler:3.14.1:compile (default-compile) @ horse-racing-system ---
[INFO] Recompiling the module because of changed source code.
[INFO] Compiling 84 source files with javac [debug parameters release 17] to target\classes
[INFO] /C:/Users/User/Downloads/SWP391---SU26---Backend-main-FIXED/SWP391---SU26---Backend-main-FIXED/SWP391---SU26---Backend-main/horse-racing-system/src/main/java/com/equix/horseracingsystem/entity/User.java: Some input files use or override a deprecated API.
[INFO] /C:/Users/User/Downloads/SWP391---SU26---Backend-main-FIXED/SWP391---SU26---Backend-main-FIXED/SWP391---SU26---Backend-main/horse-racing-system/src/main/java/com/equix/horseracingsystem/entity/User.java: Recompile with -Xlint:deprecation for details.
[INFO] Some messages have been simplified; recompile with -Xdiags:verbose to get full output
[INFO] -------------------------------------------------------------
[ERROR] COMPILATION ERROR : 
[INFO] -------------------------------------------------------------
[ERROR] /C:/Users/User/Downloads/SWP391---SU26---Backend-main-FIXED/SWP391---SU26---Backend-main-FIXED/SWP391---SU26---Backend-main/horse-racing-system/src/main/java/com/equix/horseracingsystem/config/CustomUserDetailsService.java:[30,21] cannot find symbol
  symbol:   method getEnabled()
  location: variable user of type com.equix.horseracingsystem.entity.User
[ERROR] /C:/Users/User/Downloads/SWP391---SU26---Backend-main-FIXED/SWP391---SU26---Backend-main-FIXED/SWP391---SU26---Backend-main/horse-racing-system/src/main/java/com/equix/horseracingsystem/config/CustomUserDetailsService.java:[30,50] cannot find symbol
  symbol:   method getEnabled()
  location: variable user of type com.equix.horseracingsystem.entity.User
[ERROR] /C:/Users/User/Downloads/SWP391---SU26---Backend-main-FIXED/SWP391---SU26---Backend-main-FIXED/SWP391---SU26---Backend-main/horse-racing-system/src/main/java/com/equix/horseracingsystem/controller/AuthController.java:[63,35] incompatible types: java.lang.String cannot be converted to com.equix.horseracingsystem.enums.Role
[ERROR] /C:/Users/User/Downloads/SWP391---SU26---Backend-main-FIXED/SWP391---SU26---Backend-main-FIXED/SWP391---SU26---Backend-main/horse-racing-system/src/main/java/com/equix/horseracingsystem/controller/AuthController.java:[65,13] cannot find symbol
  symbol:   method setEnabled(boolean)
  location: variable user of type com.equix.horseracingsystem.entity.User
[ERROR] /C:/Users/User/Downloads/SWP391---SU26---Backend-main-FIXED/SWP391---SU26---Backend-main-FIXED/SWP391---SU26---Backend-main/horse-racing-system/src/main/java/com/equix/horseracingsystem/controller/AuthController.java:[116,29] incompatible types: com.equix.horseracingsystem.enums.Role cannot be converted to java.lang.String
[ERROR] /C:/Users/User/Downloads/SWP391---SU26---Backend-main-FIXED/SWP391---SU26---Backend-main-FIXED/SWP391---SU26---Backend-main/horse-racing-system/src/main/java/com/equix/horseracingsystem/service/RaceWorkflowService.java:[60,17] cannot find symbol
  symbol:   method raceId(java.lang.Long)
  location: class com.equix.horseracingsystem.entity.RaceRegistration.RaceRegistrationBuilder
[ERROR] /C:/Users/User/Downloads/SWP391---SU26---Backend-main-FIXED/SWP391---SU26---Backend-main-FIXED/SWP391---SU26---Backend-main/horse-racing-system/src/main/java/com/equix/horseracingsystem/service/RaceWorkflowService.java:[77,32] incompatible types: java.lang.String cannot be converted to com.equix.horseracingsystem.enums.RegistrationStatus
[ERROR] /C:/Users/User/Downloads/SWP391---SU26---Backend-main-FIXED/SWP391---SU26---Backend-main-FIXED/SWP391---SU26---Backend-main/horse-racing-system/src/main/java/com/equix/horseracingsystem/service/RaceWorkflowService.java:[91,32] incompatible types: java.lang.String cannot be converted to com.equix.horseracingsystem.enums.RegistrationStatus
[ERROR] /C:/Users/User/Downloads/SWP391---SU26---Backend-main-FIXED/SWP391---SU26---Backend-main-FIXED/SWP391---SU26---Backend-main/horse-racing-system/src/main/java/com/equix/horseracingsystem/service/RaceWorkflowService.java:[103,17] cannot find symbol
  symbol:   method raceId(java.lang.Long)
  location: class com.equix.horseracingsystem.entity.JockeyInvitation.JockeyInvitationBuilder
[ERROR] /C:/Users/User/Downloads/SWP391---SU26---Backend-main-FIXED/SWP391---SU26---Backend-main-FIXED/SWP391---SU26---Backend-main/horse-racing-system/src/main/java/com/equix/horseracingsystem/service/RaceWorkflowService.java:[111,21] cannot find symbol
  symbol:   method setJockeyId(java.lang.Long)
  location: variable registration of type com.equix.horseracingsystem.entity.RaceRegistration
[ERROR] /C:/Users/User/Downloads/SWP391---SU26---Backend-main-FIXED/SWP391---SU26---Backend-main-FIXED/SWP391---SU26---Backend-main/horse-racing-system/src/main/java/com/equix/horseracingsystem/service/RaceWorkflowService.java:[123,30] incompatible types: java.lang.String cannot be converted to com.equix.horseracingsystem.enums.InvitationStatus
[ERROR] /C:/Users/User/Downloads/SWP391---SU26---Backend-main-FIXED/SWP391---SU26---Backend-main-FIXED/SWP391---SU26---Backend-main/horse-racing-system/src/main/java/com/equix/horseracingsystem/service/RaceWorkflowService.java:[127,65] cannot find symbol
  symbol:   method getRaceId()
  location: variable invitation of type com.equix.horseracingsystem.entity.JockeyInvitation
[ERROR] /C:/Users/User/Downloads/SWP391---SU26---Backend-main-FIXED/SWP391---SU26---Backend-main-FIXED/SWP391---SU26---Backend-main/horse-racing-system/src/main/java/com/equix/horseracingsystem/service/RaceWorkflowService.java:[127,89] cannot find symbol
  symbol:   method getHorseId()
  location: variable invitation of type com.equix.horseracingsystem.entity.JockeyInvitation
[ERROR] /C:/Users/User/Downloads/SWP391---SU26---Backend-main-FIXED/SWP391---SU26---Backend-main-FIXED/SWP391---SU26---Backend-main/horse-racing-system/src/main/java/com/equix/horseracingsystem/service/RaceWorkflowService.java:[130,60] cannot find symbol
  symbol:   method getJockeyId()
  location: variable invitation of type com.equix.horseracingsystem.entity.JockeyInvitation
[ERROR] /C:/Users/User/Downloads/SWP391---SU26---Backend-main-FIXED/SWP391---SU26---Backend-main-FIXED/SWP391---SU26---Backend-main/horse-racing-system/src/main/java/com/equix/horseracingsystem/service/RaceWorkflowService.java:[157,43] incompatible types: bad type in conditional expression
    java.lang.String cannot be converted to com.equix.horseracingsystem.enums.RegistrationStatus
[ERROR] /C:/Users/User/Downloads/SWP391---SU26---Backend-main-FIXED/SWP391---SU26---Backend-main-FIXED/SWP391---SU26---Backend-main/horse-racing-system/src/main/java/com/equix/horseracingsystem/service/RaceWorkflowService.java:[171,24] incompatible types: java.lang.String cannot be converted to com.equix.horseracingsystem.enums.RaceStatus
[ERROR] /C:/Users/User/Downloads/SWP391---SU26---Backend-main-FIXED/SWP391---SU26---Backend-main-FIXED/SWP391---SU26---Backend-main/horse-racing-system/src/main/java/com/equix/horseracingsystem/service/RaceWorkflowService.java:[184,64] cannot find symbol
  symbol:   method getHorseId()
  location: variable registration of type com.equix.horseracingsystem.entity.RaceRegistration
[ERROR] /C:/Users/User/Downloads/SWP391---SU26---Backend-main-FIXED/SWP391---SU26---Backend-main-FIXED/SWP391---SU26---Backend-main/horse-racing-system/src/main/java/com/equix/horseracingsystem/service/RaceWorkflowService.java:[192,45] cannot find symbol
  symbol:   method getHorseId()
  location: variable registration of type com.equix.horseracingsystem.entity.RaceRegistration
[ERROR] /C:/Users/User/Downloads/SWP391---SU26---Backend-main-FIXED/SWP391---SU26---Backend-main-FIXED/SWP391---SU26---Backend-main/horse-racing-system/src/main/java/com/equix/horseracingsystem/service/RaceWorkflowService.java:[193,75] cannot find symbol
  symbol:   method getHorseId()
  location: variable registration of type com.equix.horseracingsystem.entity.RaceRegistration
[ERROR] /C:/Users/User/Downloads/SWP391---SU26---Backend-main-FIXED/SWP391---SU26---Backend-main-FIXED/SWP391---SU26---Backend-main/horse-racing-system/src/main/java/com/equix/horseracingsystem/service/RaceWorkflowService.java:[194,46] cannot find symbol
  symbol:   method getJockeyId()
  location: variable registration of type com.equix.horseracingsystem.entity.RaceRegistration
[ERROR] /C:/Users/User/Downloads/SWP391---SU26---Backend-main-FIXED/SWP391---SU26---Backend-main-FIXED/SWP391---SU26---Backend-main/horse-racing-system/src/main/java/com/equix/horseracingsystem/service/RaceWorkflowService.java:[226,21] cannot find symbol
  symbol:   method raceId(java.lang.Long)
  location: class com.equix.horseracingsystem.entity.RaceResult.RaceResultBuilder
[ERROR] /C:/Users/User/Downloads/SWP391---SU26---Backend-main-FIXED/SWP391---SU26---Backend-main-FIXED/SWP391---SU26---Backend-main/horse-racing-system/src/main/java/com/equix/horseracingsystem/service/RaceWorkflowService.java:[228,42] cannot find symbol
  symbol:   method getHorseId()
  location: variable registration of type com.equix.horseracingsystem.entity.RaceRegistration
[ERROR] /C:/Users/User/Downloads/SWP391---SU26---Backend-main-FIXED/SWP391---SU26---Backend-main-FIXED/SWP391---SU26---Backend-main/horse-racing-system/src/main/java/com/equix/horseracingsystem/service/RaceWorkflowService.java:[229,43] cannot find symbol
  symbol:   method getJockeyId()
  location: variable registration of type com.equix.horseracingsystem.entity.RaceRegistration
[ERROR] /C:/Users/User/Downloads/SWP391---SU26---Backend-main-FIXED/SWP391---SU26---Backend-main-FIXED/SWP391---SU26---Backend-main/horse-racing-system/src/main/java/com/equix/horseracingsystem/service/RaceWorkflowService.java:[230,42] cannot find symbol
  symbol:   method getOwnerId()
  location: variable registration of type com.equix.horseracingsystem.entity.RaceRegistration
[ERROR] /C:/Users/User/Downloads/SWP391---SU26---Backend-main-FIXED/SWP391---SU26---Backend-main-FIXED/SWP391---SU26---Backend-main/horse-racing-system/src/main/java/com/equix/horseracingsystem/service/RaceWorkflowService.java:[242,24] incompatible types: java.lang.String cannot be converted to com.equix.horseracingsystem.enums.RaceStatus
[ERROR] /C:/Users/User/Downloads/SWP391---SU26---Backend-main-FIXED/SWP391---SU26---Backend-main-FIXED/SWP391---SU26---Backend-main/horse-racing-system/src/main/java/com/equix/horseracingsystem/service/RaceWorkflowService.java:[252,17] cannot find symbol
  symbol:   method raceId(java.lang.Long)
  location: class com.equix.horseracingsystem.entity.Prediction.PredictionBuilder
[ERROR] /C:/Users/User/Downloads/SWP391---SU26---Backend-main-FIXED/SWP391---SU26---Backend-main-FIXED/SWP391---SU26---Backend-main/horse-racing-system/src/main/java/com/equix/horseracingsystem/service/RaceWorkflowService.java:[269,45] cannot find symbol
  symbol:   method getOwnerId()
  location: variable horse of type com.equix.horseracingsystem.entity.Horse
[ERROR] /C:/Users/User/Downloads/SWP391---SU26---Backend-main-FIXED/SWP391---SU26---Backend-main-FIXED/SWP391---SU26---Backend-main/horse-racing-system/src/main/java/com/equix/horseracingsystem/service/RaceWorkflowService.java:[281,41] cannot find symbol
  symbol:   method getJockeyId()
  location: variable result of type com.equix.horseracingsystem.entity.RaceResult
[ERROR] /C:/Users/User/Downloads/SWP391---SU26---Backend-main-FIXED/SWP391---SU26---Backend-main-FIXED/SWP391---SU26---Backend-main/horse-racing-system/src/main/java/com/equix/horseracingsystem/service/RaceWorkflowService.java:[282,48] invalid method reference
  cannot find symbol
    symbol:   method getJockeyId()
    location: class com.equix.horseracingsystem.entity.RaceResult
[ERROR] /C:/Users/User/Downloads/SWP391---SU26---Backend-main-FIXED/SWP391---SU26---Backend-main-FIXED/SWP391---SU26---Backend-main/horse-racing-system/src/main/java/com/equix/horseracingsystem/service/RaceWorkflowService.java:[283,73] cannot find symbol
  symbol:   method getPointsAwarded()
  location: variable result of type java.lang.Object
[ERROR] /C:/Users/User/Downloads/SWP391---SU26---Backend-main-FIXED/SWP391---SU26---Backend-main-FIXED/SWP391---SU26---Backend-main/horse-racing-system/src/main/java/com/equix/horseracingsystem/service/RaceWorkflowService.java:[300,46] cannot find symbol
  symbol:   method getHorseId()
  location: variable registration of type com.equix.horseracingsystem.entity.RaceRegistration
[ERROR] /C:/Users/User/Downloads/SWP391---SU26---Backend-main-FIXED/SWP391---SU26---Backend-main-FIXED/SWP391---SU26---Backend-main/horse-racing-system/src/main/java/com/equix/horseracingsystem/service/RaceWorkflowService.java:[312,45] cannot find symbol
  symbol:   method getOwnerId()
  location: variable registration of type com.equix.horseracingsystem.entity.RaceRegistration
[ERROR] /C:/Users/User/Downloads/SWP391---SU26---Backend-main-FIXED/SWP391---SU26---Backend-main-FIXED/SWP391---SU26---Backend-main/horse-racing-system/src/main/java/com/equix/horseracingsystem/service/RaceWorkflowService.java:[329,64] cannot find symbol
  symbol:   method getPredictedHorseId()
  location: variable prediction of type com.equix.horseracingsystem.entity.Prediction
[ERROR] /C:/Users/User/Downloads/SWP391---SU26---Backend-main-FIXED/SWP391---SU26---Backend-main-FIXED/SWP391---SU26---Backend-main/horse-racing-system/src/main/java/com/equix/horseracingsystem/service/RaceWorkflowService.java:[329,100] cannot find symbol
  symbol:   method getHorseId()
  location: class com.equix.horseracingsystem.entity.RaceResult
[ERROR] /C:/Users/User/Downloads/SWP391---SU26---Backend-main-FIXED/SWP391---SU26---Backend-main-FIXED/SWP391---SU26---Backend-main/horse-racing-system/src/main/java/com/equix/horseracingsystem/service/RaceWorkflowService.java:[334,56] cannot find symbol
  symbol:   method getPredictedHorseId()
  location: variable prediction of type com.equix.horseracingsystem.entity.Prediction
[ERROR] /C:/Users/User/Downloads/SWP391---SU26---Backend-main-FIXED/SWP391---SU26---Backend-main-FIXED/SWP391---SU26---Backend-main/horse-racing-system/src/main/java/com/equix/horseracingsystem/service/RaceWorkflowService.java:[334,92] cannot find symbol
  symbol:   method getHorseId()
  location: class com.equix.horseracingsystem.entity.RaceResult
[ERROR] /C:/Users/User/Downloads/SWP391---SU26---Backend-main-FIXED/SWP391---SU26---Backend-main-FIXED/SWP391---SU26---Backend-main/horse-racing-system/src/main/java/com/equix/horseracingsystem/service/RaceWorkflowService.java:[335,44] incompatible types: bad type in conditional expression
    java.lang.String cannot be converted to com.equix.horseracingsystem.enums.PredictionStatus
[ERROR] /C:/Users/User/Downloads/SWP391---SU26---Backend-main-FIXED/SWP391---SU26---Backend-main-FIXED/SWP391---SU26---Backend-main/horse-racing-system/src/main/java/com/equix/horseracingsystem/service/RaceWorkflowService.java:[341,51] cannot find symbol
  symbol:   method getSpectatorId()
  location: variable prediction of type com.equix.horseracingsystem.entity.Prediction
[ERROR] /C:/Users/User/Downloads/SWP391---SU26---Backend-main-FIXED/SWP391---SU26---Backend-main-FIXED/SWP391---SU26---Backend-main/horse-racing-system/src/main/java/com/equix/horseracingsystem/controller/NotificationController.java:[51,21] cannot find symbol
  symbol:   method setRead(boolean)
  location: variable notification of type com.equix.horseracingsystem.entity.Notification
[ERROR] /C:/Users/User/Downloads/SWP391---SU26---Backend-main-FIXED/SWP391---SU26---Backend-main-FIXED/SWP391---SU26---Backend-main/horse-racing-system/src/main/java/com/equix/horseracingsystem/controller/PasswordResetController.java:[66,21] cannot find symbol
  symbol:   method userId(java.lang.Long)
  location: class com.equix.horseracingsystem.entity.PasswordResetToken.PasswordResetTokenBuilder
[ERROR] /C:/Users/User/Downloads/SWP391---SU26---Backend-main-FIXED/SWP391---SU26---Backend-main-FIXED/SWP391---SU26---Backend-main/horse-racing-system/src/main/java/com/equix/horseracingsystem/controller/PasswordResetController.java:[106,49] cannot find symbol
  symbol:   method getUserId()
  location: variable t of type com.equix.horseracingsystem.entity.PasswordResetToken
[ERROR] /C:/Users/User/Downloads/SWP391---SU26---Backend-main-FIXED/SWP391---SU26---Backend-main-FIXED/SWP391---SU26---Backend-main/horse-racing-system/src/main/java/com/equix/horseracingsystem/controller/PasswordResetController.java:[120,16] cannot find symbol
  symbol:   method setUsed(boolean)
  location: variable matched of type com.equix.horseracingsystem.entity.PasswordResetToken
[ERROR] /C:/Users/User/Downloads/SWP391---SU26---Backend-main-FIXED/SWP391---SU26---Backend-main-FIXED/SWP391---SU26---Backend-main/horse-racing-system/src/main/java/com/equix/horseracingsystem/controller/PredictionController.java:[65,23] cannot find symbol
  symbol:   method getRaceId()
  location: variable prediction of type com.equix.horseracingsystem.entity.Prediction
[ERROR] /C:/Users/User/Downloads/SWP391---SU26---Backend-main-FIXED/SWP391---SU26---Backend-main-FIXED/SWP391---SU26---Backend-main/horse-racing-system/src/main/java/com/equix/horseracingsystem/controller/PredictionController.java:[65,57] cannot find symbol
  symbol:   method getSpectatorId()
  location: variable prediction of type com.equix.horseracingsystem.entity.Prediction
[ERROR] /C:/Users/User/Downloads/SWP391---SU26---Backend-main-FIXED/SWP391---SU26---Backend-main-FIXED/SWP391---SU26---Backend-main/horse-racing-system/src/main/java/com/equix/horseracingsystem/controller/PredictionController.java:[65,96] cannot find symbol
  symbol:   method getPredictedHorseId()
  location: variable prediction of type com.equix.horseracingsystem.entity.Prediction
[ERROR] /C:/Users/User/Downloads/SWP391---SU26---Backend-main-FIXED/SWP391---SU26---Backend-main-FIXED/SWP391---SU26---Backend-main/horse-racing-system/src/main/java/com/equix/horseracingsystem/controller/PredictionController.java:[69,55] cannot find symbol
  symbol:   method getRaceId()
  location: variable prediction of type com.equix.horseracingsystem.entity.Prediction
[ERROR] /C:/Users/User/Downloads/SWP391---SU26---Backend-main-FIXED/SWP391---SU26---Backend-main-FIXED/SWP391---SU26---Backend-main/horse-racing-system/src/main/java/com/equix/horseracingsystem/controller/PredictionController.java:[72,39] incompatible types: com.equix.horseracingsystem.enums.RaceStatus cannot be converted to java.lang.String
[ERROR] /C:/Users/User/Downloads/SWP391---SU26---Backend-main-FIXED/SWP391---SU26---Backend-main-FIXED/SWP391---SU26---Backend-main/horse-racing-system/src/main/java/com/equix/horseracingsystem/controller/PredictionController.java:[81,72] cannot find symbol
  symbol:   method getSpectatorId()
  location: variable prediction of type com.equix.horseracingsystem.entity.Prediction
[ERROR] /C:/Users/User/Downloads/SWP391---SU26---Backend-main-FIXED/SWP391---SU26---Backend-main-FIXED/SWP391---SU26---Backend-main/horse-racing-system/src/main/java/com/equix/horseracingsystem/controller/PredictionController.java:[81,101] cannot find symbol
  symbol:   method getRaceId()
  location: variable prediction of type com.equix.horseracingsystem.entity.Prediction
[ERROR] /C:/Users/User/Downloads/SWP391---SU26---Backend-main-FIXED/SWP391---SU26---Backend-main-FIXED/SWP391---SU26---Backend-main/horse-racing-system/src/main/java/com/equix/horseracingsystem/controller/PredictionController.java:[90,34] cannot find symbol
  symbol:   method getSpectatorId()
  location: variable saved of type com.equix.horseracingsystem.entity.Prediction
[ERROR] /C:/Users/User/Downloads/SWP391---SU26---Backend-main-FIXED/SWP391---SU26---Backend-main-FIXED/SWP391---SU26---Backend-main/horse-racing-system/src/main/java/com/equix/horseracingsystem/controller/RaceController.java:[97,38] cannot find symbol
  symbol:   method getTournamentId()
  location: variable race of type com.equix.horseracingsystem.entity.Race
[ERROR] /C:/Users/User/Downloads/SWP391---SU26---Backend-main-FIXED/SWP391---SU26---Backend-main-FIXED/SWP391---SU26---Backend-main/horse-racing-system/src/main/java/com/equix/horseracingsystem/controller/RaceController.java:[106,35] cannot find symbol
  symbol:   method getRefereeId()
  location: variable race of type com.equix.horseracingsystem.entity.Race
[ERROR] /C:/Users/User/Downloads/SWP391---SU26---Backend-main-FIXED/SWP391---SU26---Backend-main-FIXED/SWP391---SU26---Backend-main/horse-racing-system/src/main/java/com/equix/horseracingsystem/controller/RaceController.java:[122,24] incompatible types: java.lang.String cannot be converted to com.equix.horseracingsystem.enums.RaceStatus
[ERROR] /C:/Users/User/Downloads/SWP391---SU26---Backend-main-FIXED/SWP391---SU26---Backend-main-FIXED/SWP391---SU26---Backend-main/horse-racing-system/src/main/java/com/equix/horseracingsystem/service/UserServiceImpl.java:[30,17] cannot find symbol
  symbol:   method getEnabled()
  location: variable user of type com.equix.horseracingsystem.entity.User
[ERROR] /C:/Users/User/Downloads/SWP391---SU26---Backend-main-FIXED/SWP391---SU26---Backend-main-FIXED/SWP391---SU26---Backend-main/horse-racing-system/src/main/java/com/equix/horseracingsystem/service/UserServiceImpl.java:[31,17] cannot find symbol
  symbol:   method setEnabled(boolean)
  location: variable user of type com.equix.horseracingsystem.entity.User
[ERROR] /C:/Users/User/Downloads/SWP391---SU26---Backend-main-FIXED/SWP391---SU26---Backend-main-FIXED/SWP391---SU26---Backend-main/horse-racing-system/src/main/java/com/equix/horseracingsystem/service/UserServiceImpl.java:[66,33] cannot find symbol
  symbol:   method getEnabled()
  location: variable user of type com.equix.horseracingsystem.entity.User
[INFO] 56 errors 
[INFO] -------------------------------------------------------------
[INFO] ------------------------------------------------------------------------
[INFO] BUILD FAILURE
[INFO] ------------------------------------------------------------------------
[INFO] Total time:  4.930 s
[INFO] Finished at: 2026-06-24T15:50:39+07:00
[INFO] ------------------------------------------------------------------------
[ERROR] Failed to execute goal org.apache.maven.plugins:maven-compiler-plugin:3.14.1:compile (default-compile) on project horse-racing-system: Compilation failure: Compilation failure: 
[ERROR] /C:/Users/User/Downloads/SWP391---SU26---Backend-main-FIXED/SWP391---SU26---Backend-main-FIXED/SWP391---SU26---Backend-main/horse-racing-system/src/main/java/com/equix/horseracingsystem/config/CustomUserDetailsService.java:[30,21] cannot find symbol
[ERROR]   symbol:   method getEnabled()
[ERROR]   location: variable user of type com.equix.horseracingsystem.entity.User
[ERROR] /C:/Users/User/Downloads/SWP391---SU26---Backend-main-FIXED/SWP391---SU26---Backend-main-FIXED/SWP391---SU26---Backend-main/horse-racing-system/src/main/java/com/equix/horseracingsystem/config/CustomUserDetailsService.java:[30,50] cannot find symbol
[ERROR]   symbol:   method getEnabled()
[ERROR]   location: variable user of type com.equix.horseracingsystem.entity.User
[ERROR] /C:/Users/User/Downloads/SWP391---SU26---Backend-main-FIXED/SWP391---SU26---Backend-main-FIXED/SWP391---SU26---Backend-main/horse-racing-system/src/main/java/com/equix/horseracingsystem/controller/AuthController.java:[63,35] incompatible types: java.lang.String cannot be converted to com.equix.horseracingsystem.enums.Role
[ERROR] /C:/Users/User/Downloads/SWP391---SU26---Backend-main-FIXED/SWP391---SU26---Backend-main-FIXED/SWP391---SU26---Backend-main/horse-racing-system/src/main/java/com/equix/horseracingsystem/controller/AuthController.java:[65,13] cannot find symbol
[ERROR]   symbol:   method setEnabled(boolean)
[ERROR]   location: variable user of type com.equix.horseracingsystem.entity.User
[ERROR] /C:/Users/User/Downloads/SWP391---SU26---Backend-main-FIXED/SWP391---SU26---Backend-main-FIXED/SWP391---SU26---Backend-main/horse-racing-system/src/main/java/com/equix/horseracingsystem/controller/AuthController.java:[116,29] incompatible types: com.equix.horseracingsystem.enums.Role cannot be converted to java.lang.String
[ERROR] /C:/Users/User/Downloads/SWP391---SU26---Backend-main-FIXED/SWP391---SU26---Backend-main-FIXED/SWP391---SU26---Backend-main/horse-racing-system/src/main/java/com/equix/horseracingsystem/service/RaceWorkflowService.java:[60,17] cannot find symbol
[ERROR]   symbol:   method raceId(java.lang.Long)
[ERROR]   location: class com.equix.horseracingsystem.entity.RaceRegistration.RaceRegistrationBuilder
[ERROR] /C:/Users/User/Downloads/SWP391---SU26---Backend-main-FIXED/SWP391---SU26---Backend-main-FIXED/SWP391---SU26---Backend-main/horse-racing-system/src/main/java/com/equix/horseracingsystem/service/RaceWorkflowService.java:[77,32] incompatible types: java.lang.String cannot be converted to com.equix.horseracingsystem.enums.RegistrationStatus
[ERROR] /C:/Users/User/Downloads/SWP391---SU26---Backend-main-FIXED/SWP391---SU26---Backend-main-FIXED/SWP391---SU26---Backend-main/horse-racing-system/src/main/java/com/equix/horseracingsystem/service/RaceWorkflowService.java:[91,32] incompatible types: java.lang.String cannot be converted to com.equix.horseracingsystem.enums.RegistrationStatus
[ERROR] /C:/Users/User/Downloads/SWP391---SU26---Backend-main-FIXED/SWP391---SU26---Backend-main-FIXED/SWP391---SU26---Backend-main/horse-racing-system/src/main/java/com/equix/horseracingsystem/service/RaceWorkflowService.java:[103,17] cannot find symbol
[ERROR]   symbol:   method raceId(java.lang.Long)
[ERROR]   location: class com.equix.horseracingsystem.entity.JockeyInvitation.JockeyInvitationBuilder
[ERROR] /C:/Users/User/Downloads/SWP391---SU26---Backend-main-FIXED/SWP391---SU26---Backend-main-FIXED/SWP391---SU26---Backend-main/horse-racing-system/src/main/java/com/equix/horseracingsystem/service/RaceWorkflowService.java:[111,21] cannot find symbol
[ERROR]   symbol:   method setJockeyId(java.lang.Long)
[ERROR]   location: variable registration of type com.equix.horseracingsystem.entity.RaceRegistration
[ERROR] /C:/Users/User/Downloads/SWP391---SU26---Backend-main-FIXED/SWP391---SU26---Backend-main-FIXED/SWP391---SU26---Backend-main/horse-racing-system/src/main/java/com/equix/horseracingsystem/service/RaceWorkflowService.java:[123,30] incompatible types: java.lang.String cannot be converted to com.equix.horseracingsystem.enums.InvitationStatus
[ERROR] /C:/Users/User/Downloads/SWP391---SU26---Backend-main-FIXED/SWP391---SU26---Backend-main-FIXED/SWP391---SU26---Backend-main/horse-racing-system/src/main/java/com/equix/horseracingsystem/service/RaceWorkflowService.java:[127,65] cannot find symbol
[ERROR]   symbol:   method getRaceId()
[ERROR]   location: variable invitation of type com.equix.horseracingsystem.entity.JockeyInvitation
[ERROR] /C:/Users/User/Downloads/SWP391---SU26---Backend-main-FIXED/SWP391---SU26---Backend-main-FIXED/SWP391---SU26---Backend-main/horse-racing-system/src/main/java/com/equix/horseracingsystem/service/RaceWorkflowService.java:[127,89] cannot find symbol
[ERROR]   symbol:   method getHorseId()
[ERROR]   location: variable invitation of type com.equix.horseracingsystem.entity.JockeyInvitation
[ERROR] /C:/Users/User/Downloads/SWP391---SU26---Backend-main-FIXED/SWP391---SU26---Backend-main-FIXED/SWP391---SU26---Backend-main/horse-racing-system/src/main/java/com/equix/horseracingsystem/service/RaceWorkflowService.java:[130,60] cannot find symbol
[ERROR]   symbol:   method getJockeyId()
[ERROR]   location: variable invitation of type com.equix.horseracingsystem.entity.JockeyInvitation
[ERROR] /C:/Users/User/Downloads/SWP391---SU26---Backend-main-FIXED/SWP391---SU26---Backend-main-FIXED/SWP391---SU26---Backend-main/horse-racing-system/src/main/java/com/equix/horseracingsystem/service/RaceWorkflowService.java:[157,43] incompatible types: bad type in conditional expression
[ERROR]     java.lang.String cannot be converted to com.equix.horseracingsystem.enums.RegistrationStatus
[ERROR] /C:/Users/User/Downloads/SWP391---SU26---Backend-main-FIXED/SWP391---SU26---Backend-main-FIXED/SWP391---SU26---Backend-main/horse-racing-system/src/main/java/com/equix/horseracingsystem/service/RaceWorkflowService.java:[171,24] incompatible types: java.lang.String cannot be converted to com.equix.horseracingsystem.enums.RaceStatus
[ERROR] /C:/Users/User/Downloads/SWP391---SU26---Backend-main-FIXED/SWP391---SU26---Backend-main-FIXED/SWP391---SU26---Backend-main/horse-racing-system/src/main/java/com/equix/horseracingsystem/service/RaceWorkflowService.java:[184,64] cannot find symbol
[ERROR]   symbol:   method getHorseId()
[ERROR]   location: variable registration of type com.equix.horseracingsystem.entity.RaceRegistration
[ERROR] /C:/Users/User/Downloads/SWP391---SU26---Backend-main-FIXED/SWP391---SU26---Backend-main-FIXED/SWP391---SU26---Backend-main/horse-racing-system/src/main/java/com/equix/horseracingsystem/service/RaceWorkflowService.java:[192,45] cannot find symbol
[ERROR]   symbol:   method getHorseId()
[ERROR]   location: variable registration of type com.equix.horseracingsystem.entity.RaceRegistration
[ERROR] /C:/Users/User/Downloads/SWP391---SU26---Backend-main-FIXED/SWP391---SU26---Backend-main-FIXED/SWP391---SU26---Backend-main/horse-racing-system/src/main/java/com/equix/horseracingsystem/service/RaceWorkflowService.java:[193,75] cannot find symbol
[ERROR]   symbol:   method getHorseId()
[ERROR]   location: variable registration of type com.equix.horseracingsystem.entity.RaceRegistration
[ERROR] /C:/Users/User/Downloads/SWP391---SU26---Backend-main-FIXED/SWP391---SU26---Backend-main-FIXED/SWP391---SU26---Backend-main/horse-racing-system/src/main/java/com/equix/horseracingsystem/service/RaceWorkflowService.java:[194,46] cannot find symbol
[ERROR]   symbol:   method getJockeyId()
[ERROR]   location: variable registration of type com.equix.horseracingsystem.entity.RaceRegistration
[ERROR] /C:/Users/User/Downloads/SWP391---SU26---Backend-main-FIXED/SWP391---SU26---Backend-main-FIXED/SWP391---SU26---Backend-main/horse-racing-system/src/main/java/com/equix/horseracingsystem/service/RaceWorkflowService.java:[226,21] cannot find symbol
[ERROR]   symbol:   method raceId(java.lang.Long)
[ERROR]   location: class com.equix.horseracingsystem.entity.RaceResult.RaceResultBuilder
[ERROR] /C:/Users/User/Downloads/SWP391---SU26---Backend-main-FIXED/SWP391---SU26---Backend-main-FIXED/SWP391---SU26---Backend-main/horse-racing-system/src/main/java/com/equix/horseracingsystem/service/RaceWorkflowService.java:[228,42] cannot find symbol
[ERROR]   symbol:   method getHorseId()
[ERROR]   location: variable registration of type com.equix.horseracingsystem.entity.RaceRegistration
[ERROR] /C:/Users/User/Downloads/SWP391---SU26---Backend-main-FIXED/SWP391---SU26---Backend-main-FIXED/SWP391---SU26---Backend-main/horse-racing-system/src/main/java/com/equix/horseracingsystem/service/RaceWorkflowService.java:[229,43] cannot find symbol
[ERROR]   symbol:   method getJockeyId()
[ERROR]   location: variable registration of type com.equix.horseracingsystem.entity.RaceRegistration
[ERROR] /C:/Users/User/Downloads/SWP391---SU26---Backend-main-FIXED/SWP391---SU26---Backend-main-FIXED/SWP391---SU26---Backend-main/horse-racing-system/src/main/java/com/equix/horseracingsystem/service/RaceWorkflowService.java:[230,42] cannot find symbol
[ERROR]   symbol:   method getOwnerId()
[ERROR]   location: variable registration of type com.equix.horseracingsystem.entity.RaceRegistration
[ERROR] /C:/Users/User/Downloads/SWP391---SU26---Backend-main-FIXED/SWP391---SU26---Backend-main-FIXED/SWP391---SU26---Backend-main/horse-racing-system/src/main/java/com/equix/horseracingsystem/service/RaceWorkflowService.java:[242,24] incompatible types: java.lang.String cannot be converted to com.equix.horseracingsystem.enums.RaceStatus
[ERROR] /C:/Users/User/Downloads/SWP391---SU26---Backend-main-FIXED/SWP391---SU26---Backend-main-FIXED/SWP391---SU26---Backend-main/horse-racing-system/src/main/java/com/equix/horseracingsystem/service/RaceWorkflowService.java:[252,17] cannot find symbol
[ERROR]   symbol:   method raceId(java.lang.Long)
[ERROR]   location: class com.equix.horseracingsystem.entity.Prediction.PredictionBuilder
[ERROR] /C:/Users/User/Downloads/SWP391---SU26---Backend-main-FIXED/SWP391---SU26---Backend-main-FIXED/SWP391---SU26---Backend-main/horse-racing-system/src/main/java/com/equix/horseracingsystem/service/RaceWorkflowService.java:[269,45] cannot find symbol
[ERROR]   symbol:   method getOwnerId()
[ERROR]   location: variable horse of type com.equix.horseracingsystem.entity.Horse
[ERROR] /C:/Users/User/Downloads/SWP391---SU26---Backend-main-FIXED/SWP391---SU26---Backend-main-FIXED/SWP391---SU26---Backend-main/horse-racing-system/src/main/java/com/equix/horseracingsystem/service/RaceWorkflowService.java:[281,41] cannot find symbol
[ERROR]   symbol:   method getJockeyId()
[ERROR]   location: variable result of type com.equix.horseracingsystem.entity.RaceResult
[ERROR] /C:/Users/User/Downloads/SWP391---SU26---Backend-main-FIXED/SWP391---SU26---Backend-main-FIXED/SWP391---SU26---Backend-main/horse-racing-system/src/main/java/com/equix/horseracingsystem/service/RaceWorkflowService.java:[282,48] invalid method reference
[ERROR]   cannot find symbol
[ERROR]     symbol:   method getJockeyId()
[ERROR]     location: class com.equix.horseracingsystem.entity.RaceResult
[ERROR] /C:/Users/User/Downloads/SWP391---SU26---Backend-main-FIXED/SWP391---SU26---Backend-main-FIXED/SWP391---SU26---Backend-main/horse-racing-system/src/main/java/com/equix/horseracingsystem/service/RaceWorkflowService.java:[283,73] cannot find symbol
[ERROR]   symbol:   method getPointsAwarded()
[ERROR]   location: variable result of type java.lang.Object
[ERROR] /C:/Users/User/Downloads/SWP391---SU26---Backend-main-FIXED/SWP391---SU26---Backend-main-FIXED/SWP391---SU26---Backend-main/horse-racing-system/src/main/java/com/equix/horseracingsystem/service/RaceWorkflowService.java:[300,46] cannot find symbol
[ERROR]   symbol:   method getHorseId()
[ERROR]   location: variable registration of type com.equix.horseracingsystem.entity.RaceRegistration
[ERROR] /C:/Users/User/Downloads/SWP391---SU26---Backend-main-FIXED/SWP391---SU26---Backend-main-FIXED/SWP391---SU26---Backend-main/horse-racing-system/src/main/java/com/equix/horseracingsystem/service/RaceWorkflowService.java:[312,45] cannot find symbol
[ERROR]   symbol:   method getOwnerId()
[ERROR]   location: variable registration of type com.equix.horseracingsystem.entity.RaceRegistration
[ERROR] /C:/Users/User/Downloads/SWP391---SU26---Backend-main-FIXED/SWP391---SU26---Backend-main-FIXED/SWP391---SU26---Backend-main/horse-racing-system/src/main/java/com/equix/horseracingsystem/service/RaceWorkflowService.java:[329,64] cannot find symbol
[ERROR]   symbol:   method getPredictedHorseId()
[ERROR]   location: variable prediction of type com.equix.horseracingsystem.entity.Prediction
[ERROR] /C:/Users/User/Downloads/SWP391---SU26---Backend-main-FIXED/SWP391---SU26---Backend-main-FIXED/SWP391---SU26---Backend-main/horse-racing-system/src/main/java/com/equix/horseracingsystem/service/RaceWorkflowService.java:[329,100] cannot find symbol
[ERROR]   symbol:   method getHorseId()
[ERROR]   location: class com.equix.horseracingsystem.entity.RaceResult
[ERROR] /C:/Users/User/Downloads/SWP391---SU26---Backend-main-FIXED/SWP391---SU26---Backend-main-FIXED/SWP391---SU26---Backend-main/horse-racing-system/src/main/java/com/equix/horseracingsystem/service/RaceWorkflowService.java:[334,56] cannot find symbol
[ERROR]   symbol:   method getPredictedHorseId()
[ERROR]   location: variable prediction of type com.equix.horseracingsystem.entity.Prediction
[ERROR] /C:/Users/User/Downloads/SWP391---SU26---Backend-main-FIXED/SWP391---SU26---Backend-main-FIXED/SWP391---SU26---Backend-main/horse-racing-system/src/main/java/com/equix/horseracingsystem/service/RaceWorkflowService.java:[334,92] cannot find symbol
[ERROR]   symbol:   method getHorseId()
[ERROR]   location: class com.equix.horseracingsystem.entity.RaceResult
[ERROR] /C:/Users/User/Downloads/SWP391---SU26---Backend-main-FIXED/SWP391---SU26---Backend-main-FIXED/SWP391---SU26---Backend-main/horse-racing-system/src/main/java/com/equix/horseracingsystem/service/RaceWorkflowService.java:[335,44] incompatible types: bad type in conditional expression
[ERROR]     java.lang.String cannot be converted to com.equix.horseracingsystem.enums.PredictionStatus
[ERROR] /C:/Users/User/Downloads/SWP391---SU26---Backend-main-FIXED/SWP391---SU26---Backend-main-FIXED/SWP391---SU26---Backend-main/horse-racing-system/src/main/java/com/equix/horseracingsystem/service/RaceWorkflowService.java:[341,51] cannot find symbol
[ERROR]   symbol:   method getSpectatorId()
[ERROR]   location: variable prediction of type com.equix.horseracingsystem.entity.Prediction
[ERROR] /C:/Users/User/Downloads/SWP391---SU26---Backend-main-FIXED/SWP391---SU26---Backend-main-FIXED/SWP391---SU26---Backend-main/horse-racing-system/src/main/java/com/equix/horseracingsystem/controller/NotificationController.java:[51,21] cannot find symbol
[ERROR]   symbol:   method setRead(boolean)
[ERROR]   location: variable notification of type com.equix.horseracingsystem.entity.Notification
[ERROR] /C:/Users/User/Downloads/SWP391---SU26---Backend-main-FIXED/SWP391---SU26---Backend-main-FIXED/SWP391---SU26---Backend-main/horse-racing-system/src/main/java/com/equix/horseracingsystem/controller/PasswordResetController.java:[66,21] cannot find symbol
[ERROR]   symbol:   method userId(java.lang.Long)
[ERROR]   location: class com.equix.horseracingsystem.entity.PasswordResetToken.PasswordResetTokenBuilder
[ERROR] /C:/Users/User/Downloads/SWP391---SU26---Backend-main-FIXED/SWP391---SU26---Backend-main-FIXED/SWP391---SU26---Backend-main/horse-racing-system/src/main/java/com/equix/horseracingsystem/controller/PasswordResetController.java:[106,49] cannot find symbol
[ERROR]   symbol:   method getUserId()
[ERROR]   location: variable t of type com.equix.horseracingsystem.entity.PasswordResetToken
[ERROR] /C:/Users/User/Downloads/SWP391---SU26---Backend-main-FIXED/SWP391---SU26---Backend-main-FIXED/SWP391---SU26---Backend-main/horse-racing-system/src/main/java/com/equix/horseracingsystem/controller/PasswordResetController.java:[120,16] cannot find symbol
[ERROR]   symbol:   method setUsed(boolean)
[ERROR]   location: variable matched of type com.equix.horseracingsystem.entity.PasswordResetToken
[ERROR] /C:/Users/User/Downloads/SWP391---SU26---Backend-main-FIXED/SWP391---SU26---Backend-main-FIXED/SWP391---SU26---Backend-main/horse-racing-system/src/main/java/com/equix/horseracingsystem/controller/PredictionController.java:[65,23] cannot find symbol
[ERROR]   symbol:   method getRaceId()
[ERROR]   location: variable prediction of type com.equix.horseracingsystem.entity.Prediction
[ERROR] /C:/Users/User/Downloads/SWP391---SU26---Backend-main-FIXED/SWP391---SU26---Backend-main-FIXED/SWP391---SU26---Backend-main/horse-racing-system/src/main/java/com/equix/horseracingsystem/controller/PredictionController.java:[65,57] cannot find symbol
[ERROR]   symbol:   method getSpectatorId()
[ERROR]   location: variable prediction of type com.equix.horseracingsystem.entity.Prediction
[ERROR] /C:/Users/User/Downloads/SWP391---SU26---Backend-main-FIXED/SWP391---SU26---Backend-main-FIXED/SWP391---SU26---Backend-main/horse-racing-system/src/main/java/com/equix/horseracingsystem/controller/PredictionController.java:[65,96] cannot find symbol
[ERROR]   symbol:   method getPredictedHorseId()
[ERROR]   location: variable prediction of type com.equix.horseracingsystem.entity.Prediction
[ERROR] /C:/Users/User/Downloads/SWP391---SU26---Backend-main-FIXED/SWP391---SU26---Backend-main-FIXED/SWP391---SU26---Backend-main/horse-racing-system/src/main/java/com/equix/horseracingsystem/controller/PredictionController.java:[69,55] cannot find symbol
[ERROR]   symbol:   method getRaceId()
[ERROR]   location: variable prediction of type com.equix.horseracingsystem.entity.Prediction
[ERROR] /C:/Users/User/Downloads/SWP391---SU26---Backend-main-FIXED/SWP391---SU26---Backend-main-FIXED/SWP391---SU26---Backend-main/horse-racing-system/src/main/java/com/equix/horseracingsystem/controller/PredictionController.java:[72,39] incompatible types: com.equix.horseracingsystem.enums.RaceStatus cannot be converted to java.lang.String
[ERROR] /C:/Users/User/Downloads/SWP391---SU26---Backend-main-FIXED/SWP391---SU26---Backend-main-FIXED/SWP391---SU26---Backend-main/horse-racing-system/src/main/java/com/equix/horseracingsystem/controller/PredictionController.java:[81,72] cannot find symbol
[ERROR]   symbol:   method getSpectatorId()
[ERROR]   location: variable prediction of type com.equix.horseracingsystem.entity.Prediction
[ERROR] /C:/Users/User/Downloads/SWP391---SU26---Backend-main-FIXED/SWP391---SU26---Backend-main-FIXED/SWP391---SU26---Backend-main/horse-racing-system/src/main/java/com/equix/horseracingsystem/controller/PredictionController.java:[81,101] cannot find symbol
[ERROR]   symbol:   method getRaceId()
[ERROR]   location: variable prediction of type com.equix.horseracingsystem.entity.Prediction
[ERROR] /C:/Users/User/Downloads/SWP391---SU26---Backend-main-FIXED/SWP391---SU26---Backend-main-FIXED/SWP391---SU26---Backend-main/horse-racing-system/src/main/java/com/equix/horseracingsystem/controller/PredictionController.java:[90,34] cannot find symbol
[ERROR]   symbol:   method getSpectatorId()
[ERROR]   location: variable saved of type com.equix.horseracingsystem.entity.Prediction
[ERROR] /C:/Users/User/Downloads/SWP391---SU26---Backend-main-FIXED/SWP391---SU26---Backend-main-FIXED/SWP391---SU26---Backend-main/horse-racing-system/src/main/java/com/equix/horseracingsystem/controller/RaceController.java:[97,38] cannot find symbol
[ERROR]   symbol:   method getTournamentId()
[ERROR]   location: variable race of type com.equix.horseracingsystem.entity.Race
[ERROR] /C:/Users/User/Downloads/SWP391---SU26---Backend-main-FIXED/SWP391---SU26---Backend-main-FIXED/SWP391---SU26---Backend-main/horse-racing-system/src/main/java/com/equix/horseracingsystem/controller/RaceController.java:[106,35] cannot find symbol
[ERROR]   symbol:   method getRefereeId()
[ERROR]   location: variable race of type com.equix.horseracingsystem.entity.Race
[ERROR] /C:/Users/User/Downloads/SWP391---SU26---Backend-main-FIXED/SWP391---SU26---Backend-main-FIXED/SWP391---SU26---Backend-main/horse-racing-system/src/main/java/com/equix/horseracingsystem/controller/RaceController.java:[122,24] incompatible types: java.lang.String cannot be converted to com.equix.horseracingsystem.enums.RaceStatus
[ERROR] /C:/Users/User/Downloads/SWP391---SU26---Backend-main-FIXED/SWP391---SU26---Backend-main-FIXED/SWP391---SU26---Backend-main/horse-racing-system/src/main/java/com/equix/horseracingsystem/service/UserServiceImpl.java:[30,17] cannot find symbol
[ERROR]   symbol:   method getEnabled()
[ERROR]   location: variable user of type com.equix.horseracingsystem.entity.User
[ERROR] /C:/Users/User/Downloads/SWP391---SU26---Backend-main-FIXED/SWP391---SU26---Backend-main-FIXED/SWP391---SU26---Backend-main/horse-racing-system/src/main/java/com/equix/horseracingsystem/service/UserServiceImpl.java:[31,17] cannot find symbol
[ERROR]   symbol:   method setEnabled(boolean)
[ERROR]   location: variable user of type com.equix.horseracingsystem.entity.User
[ERROR] /C:/Users/User/Downloads/SWP391---SU26---Backend-main-FIXED/SWP391---SU26---Backend-main-FIXED/SWP391---SU26---Backend-main/horse-racing-system/src/main/java/com/equix/horseracingsystem/service/UserServiceImpl.java:[66,33] cannot find symbol
[ERROR]   symbol:   method getEnabled()
[ERROR]   location: variable user of type com.equix.horseracingsystem.entity.User
[ERROR] -> [Help 1]
[ERROR] 
[ERROR] To see the full stack trace of the errors, re-run Maven with the -e switch.
[ERROR] Re-run Maven using the -X switch to enable full debug logging.
[ERROR] 
[ERROR] For more information about the errors and possible solutions, please read the following articles:
[ERROR] [Help 1] http://cwiki.apache.org/confluence/display/MAVEN/MojoFailureException
