[INFO] Scanning for projects...
[INFO] 
[INFO] -------------------< com.equix:horse-racing-system >--------------------
[INFO] Building horse-racing-system 0.0.1-SNAPSHOT
[INFO]   from pom.xml
[INFO] --------------------------------[ jar ]---------------------------------
[INFO] 
[INFO] --- clean:3.4.1:clean (default-clean) @ horse-racing-system ---
[INFO] Deleting C:\Users\User\Downloads\SWP391---SU26---Backend-main-FIXED\SWP391---SU26---Backend-main-FIXED\SWP391---SU26---Backend-main\horse-racing-system\target
[INFO] 
[INFO] --- resources:3.3.1:resources (default-resources) @ horse-racing-system ---
[INFO] Copying 1 resource from src\main\resources to target\classes
[INFO] Copying 0 resource from src\main\resources to target\classes
[INFO] 
[INFO] --- compiler:3.14.1:compile (default-compile) @ horse-racing-system ---
[INFO] Recompiling the module because of changed source code.
[INFO] Compiling 106 source files with javac [debug parameters release 17] to target\classes
[INFO] /C:/Users/User/Downloads/SWP391---SU26---Backend-main-FIXED/SWP391---SU26---Backend-main-FIXED/SWP391---SU26---Backend-main/horse-racing-system/src/main/java/com/equix/horseracingsystem/entity/User.java: Some input files use or override a deprecated API.
[INFO] /C:/Users/User/Downloads/SWP391---SU26---Backend-main-FIXED/SWP391---SU26---Backend-main-FIXED/SWP391---SU26---Backend-main/horse-racing-system/src/main/java/com/equix/horseracingsystem/entity/User.java: Recompile with -Xlint:deprecation for details.
[INFO] ------------------------------------------------------------------------
[INFO] BUILD SUCCESS
[INFO] ------------------------------------------------------------------------
[INFO] Total time:  5.356 s
[INFO] Finished at: 2026-06-24T16:51:31+07:00
[INFO] ------------------------------------------------------------------------
